source G:/PEEPSHOW/firmware/peepshow_hw6_fw0/__fw0_all_probe_prints.gdb
=== HW6 FW0 BOOT + PERIPHERAL + RTOS + OWNER STATE PROBE ===
boot magic/version/phase = 0x48364630 / 0x1 / 0x60ff
boot complete/pre-RTOS hb = 1 / 0x0
MCU device/revision      = 0x482 / 0x3001
SYSCLK Hz                = 24000000
output expected/actual   = 0x8 / 0x8
boot errors/asserts      = 0 / 0

--- consolidated result ---
magic/version/phase      = 0x48365052 / 0x2 / 0x65ff
complete/duration ticks  = 1 / 1405
required/attempted       = 0x1f / 0x1f
pass/failure/skipped     = 0x1f / 0x0 / 0xe0
PMIC / IMU / joystick    = 1 / 1 / 1
flash / NINA AT          = 1 / 1
pre-RTOS skipped 5..7    = display/audio/USB physical tests

--- I2C bus ---
state before/after       = 0x20 / 0x20
error before/after       = 0x0 / 0x0

--- ADP5360 @ 0x
46 ---
ready/id/fault/pgood sts = 0x0 / 0x0 / 0x0 / 0x0
id/fault/pgood           = 0x10 / 0x0 / 0x7
identity/rails ready     = 1 / 1

--- LIS2DUX12 address diagnosis ---
0x18 ready/error          = 0x0 / 0x0
0x18 read/error/WHO_AM_I  = 0x0 / 0x0 / 0x47
0x19 ready/error          = 0x1 / 0x4
0x19 read/error/WHO_AM_I  = 0x1 / 0x4 / 0x0
detected address/match    = 0x18 / 1

--- TMAG3001 @ 0x
34 ---
ready/id/mfr statuses    = 0x0 / 0x0 / 0x0 / 0x0
device/mfr LSB/MSB       = 0x0 / 0x49 / 0x54
identity match           = 1

--- AT25SL128A ---
JEDEC/status reads       = 0x0 / 0x0 / 0x0 / 0x0
JEDEC ID                 = 1f 42 18
status 1/2/3             = 00 00 00
identity / OSPI error    = 1 / 0x0

--- NINA-B112 AT handshake ---
NRST before/up/after     = 0 / 0 / 0
boot wait/rx             = 750 ms / 13 bytes
attempts/tx/rx           = 1 / 0x0 / 10 bytes
OK / ERROR               = 1 / 0
UART state/error         = 0x20 / 0x0
response                 = AT

OK

--- pre-RTOS peripheral state ---
RTC / SAI                = 0x1 / 0x1
display SPI / LPTIM      = 0x1 / 0x1
USB PCD                  = 0x1

--- ThreadX topology and startup self-test ---
magic/version/phase       = 0x48365254 / 0x3 / 0x66ff
init/runtime complete     = 1 / 1
boot power/display       = 1 / 1
init status/error step/id = 0x0 / 0xffffffff / 0xffffffff
tick Hz/owners/queues/egs = 100 / 9 / 9 / 4
owner required/started    = 0x1ff / 0x1ff
queue required/self-test  = 0x1ff / 0x1ff
event required/self-test  = 0xf / 0xf
pool info before/after    = 0x0 / 0x0
pool bytes before/after   = 16376 / 4840
pool fragments before/after = 2 / 20

owner/queue object status: stack qmem qcreate send thread
power   /qSysEvents       0 0 0 0 0
audio   /qAudioCmd        0 0 0 0 0
input   /qInputRaw        0 0 0 0 0
display /qDisplayCmd      0 0 0 0 0
sensor  /qSensorReq       0 0 0 0 0
storage /qStorageReq      0 0 0 0 0
comm    /qCommCmd         0 0 0 0 0
UI      /qUIEvents        0 0 0 0 0
runtime /qRuntimeEvents   0 0 0 0 0

event group status: create set get
egMode                    0 0 0
egPower                   0 0 0
egHealth                  0 0 0
egDebug                   0 0 0

owner runtime: heartbeat last_tick receives timeouts errors
power                     241 6001 1 240 0
audio                     241 6001 1 240 0
input                     241 6001 1 240 0
display                   241 5982 2 239 0
sensor                    240 5979 1 239 0
storage                   240 5979 1 239 0
comm                      240 5979 1 239 0
UI                        240 5982 1 239 0
runtime                   240 5982 1 239 0

--- owner-thread physical workflow ---
magic/version/phase       = 0x48364f57 / 0x4 / 0x6702
complete/success/init     = 0 / 0 / 0x0
workflow start/end/delta  = 0 / 0 / 0 ticks
power command send/tick   = 0xffffffff / 0
display send/ack/flags    = 0xffffffff / 0xffffffff / 0x0
audio send/ack/flags      = 0xffffffff / 0xffffffff / 0x0

  power owner: read-only ADP5360 snapshot
command/complete/success  = 0 / 1 / 1
ADP driver API/init/MR/state/ops/last = 4 / 0 / 0 / 2 / 2 / 0
ADP functions/read/match = 0xf / 0x7f / 0x7f
register addresses        = 00 29 2a 2b 2c 2e 2f
register values           = 10 31 18 18 13 00 07
lease get status          = 0 0 0 0 0 0 0
HAL transfer status       = 0 0 0 0 0 0 0
HAL transfer errors       = 0 0 0 0 0 0 0
lease put status          = 0 0 0 0 0 0 0
I2C state/error           = 0x20 / 0x0
identity/rails/fault OK   = 1 / 1 / 1
ADP charger status regs  = 00 / 00
ADP charger read sts     = 0x0 / 0x0 mask 0x3
ADP charger HAL sts/err  = 0x0/0x0 0x0/0x0
ADP mode/status/type/health = 0 / 0 / 0 / 0
ADP battery stat/therm/present = 0 / 0 / 1
ADP PGOOD vbus/bat/full = 0 / 1 / 0
ADP fuel regs            = 20 21 25 26 27
ADP fuel values          = 32 00 00 00 50
ADP fuel read mask       = 0x1f
ADP fuel raw sts         = 0 0 0 0 0
ADP fuel SOC/VBAT        = 0 % / 0 mV (raw 00 00)
ADP regulator read mask  = 0x1f
ADP regulator cfg/out    = buck 31/18 buckbst 18/13
ADP regulator ok bits    = vout1 1 vout2 1 bat 1

  display owner: 144x168 diagnostic card
command/complete/success  = 0 / 1 / 1
display driver API/init/state/ops/last = 1 / 0x0 / 2 / 2 / 0x0
size/pattern/hash/black   = 144x168 / 0x55495047 / 0x554dd845 / 2012
expected hash/black       = 0x360cda71 / 1725
RTC state/CR              = 0x1 / 0x40880000
SPI before/init/present   = 0x1 / 0x0 / 0x0
DMA done/state/error      = 1 / 0x1 / 0x0
SPI state/error after     = 0x1 / 0x0
ack set status            = 0xffffffff
expected visual           = white field, 2px black border, center cross, four distinct corner markers
expected workflow count    = three presents total: baseline plus two resume cycles

  audio owner: speaker DMA tone
command/complete/success  = 0 / 0 / 0
audio driver API/init/state/ops/last = 1 / 0x0 / 1 / 0 / 0x0
kernel/sample/tone Hz     = 0 / 16000 / 1000
duration/amplitude/buffer = 750 ms / 3000 / 2048 halfwords
SD before/enabled/after   = 0 / 0 / 0
start/stop status         = 0xffffffff / 0xffffffff
SAI state/error after     = 0x0 / 0x0
DMA state/error after     = 0x0 / 0x0
ack set status            = 0xffffffff
expected audible result   = three 1 kHz tones of about 750 ms: baseline plus two resume cycles

--- retained-peripheral lifecycle state machines ---
start request              = 0
magic/version/phase        = 0x48364653 / 0xe / 0x6800
complete/success           = 0 / 0
required/completed         = 0x7f / 0x1
success/failure owners     = 0x1 / 0x0
workflow start/end/delta   = 0 / 0 / 0 ticks

owner lifecycle transport: send wait ack action start end
power                      ffffffff ffffffff 0 0 51 51
audio                      ffffffff ffffffff 0 ffffffff 0 0
input                      ffffffff ffffffff 0 ffffffff 0 0
display                    ffffffff ffffffff 0 ffffffff 0 0
sensor                     ffffffff ffffffff 0 ffffffff 0 0
storage                    ffffffff ffffffff 0 ffffffff 0 0
comm                       ffffffff ffffffff 0 ffffffff 0 0

--- two bounded inactive-active-inactive owner cycles ---
requested/completed/success = 2 / 0 / 0
required owner/state masks  = 0x7f / 0x3ff
owner map: 0=power 1=audio 2=input 3=display 4=sensor 5=storage 6=comm

cycle
0 start/active/end     = 0 / 0 / 0 ticks
resume success/failure      = 0x0 / 0x0
quiesce success/failure     = 0x0 / 0x0
active/inactive state match = 0x0 / 0x0
  resume transport/action: owner send wait ack action start end
  0 ffffffff ffffffff 0 ffffffff 0 0
  1 ffffffff ffffffff 0 ffffffff 0 0
  2 ffffffff ffffffff 0 ffffffff 0 0
  3 ffffffff ffffffff 0 ffffffff 0 0
  4 ffffffff ffffffff 0 ffffffff 0 0
  5 ffffffff ffffffff 0 ffffffff 0 0
  6 ffffffff ffffffff 0 ffffffff 0 0
  quiesce transport/action: owner send wait ack action start end
  0 ffffffff ffffffff 0 ffffffff 0 0
  1 ffffffff ffffffff 0 ffffffff 0 0
  2 ffffffff ffffffff 0 ffffffff 0 0
  3 ffffffff ffffffff 0 ffffffff 0 0
  4 ffffffff ffffffff 0 ffffffff 0 0
  5 ffffffff ffffffff 0 ffffffff 0 0
  6 ffffffff ffffffff 0 ffffffff 0 0
  TMAG wake/retry/active/sleep = ffffffff ffffffff ffffffff ffffffff
  TMAG active config1/config2  = 00 / 00
  TMAG sample status/conv     = 0 / 00
  TMAG raw X/Y/Z              = 0 / 0 / 0
  IMU wake status/error/accepted = ffffffff ffffffff 4294967295
  IMU WHO/active/sleep         = ffffffff ffffffff ffffffff
  IMU WHO/active CTRL5         = 00 / 00 (expected 47 / 10)
  flash release/JEDEC/match/DPD = ffffffff ffffffff 4294967295 ffffffff
  BLE UART/AT/RX/suspend       = ffffffff ffffffff 0 ffffffff
  BLE DSR resume/quiesce       = 0 / 0

cycle
1 start/active/end     = 0 / 0 / 0 ticks
resume success/failure      = 0x0 / 0x0
quiesce success/failure     = 0x0 / 0x0
active/inactive state match = 0x0 / 0x0
  resume transport/action: owner send wait ack action start end
  0 ffffffff ffffffff 0 ffffffff 0 0
  1 ffffffff ffffffff 0 ffffffff 0 0
  2 ffffffff ffffffff 0 ffffffff 0 0
  3 ffffffff ffffffff 0 ffffffff 0 0
  4 ffffffff ffffffff 0 ffffffff 0 0
  5 ffffffff ffffffff 0 ffffffff 0 0
  6 ffffffff ffffffff 0 ffffffff 0 0
  quiesce transport/action: owner send wait ack action start end
  0 ffffffff ffffffff 0 ffffffff 0 0
  1 ffffffff ffffffff 0 ffffffff 0 0
  2 ffffffff ffffffff 0 ffffffff 0 0
  3 ffffffff ffffffff 0 ffffffff 0 0
  4 ffffffff ffffffff 0 ffffffff 0 0
  5 ffffffff ffffffff 0 ffffffff 0 0
  6 ffffffff ffffffff 0 ffffffff 0 0
  TMAG wake/retry/active/sleep = ffffffff ffffffff ffffffff ffffffff
  TMAG active config1/config2  = 00 / 00
  TMAG sample status/conv     = 0 / 00
  TMAG raw X/Y/Z              = 0 / 0 / 0
  IMU wake status/error/accepted = ffffffff ffffffff 4294967295
  IMU WHO/active/sleep         = ffffffff ffffffff ffffffff
  IMU WHO/active CTRL5         = 00 / 00 (expected 47 / 10)
  flash release/JEDEC/match/DPD = ffffffff ffffffff 4294967295 ffffffff
  BLE UART/AT/RX/suspend       = ffffffff ffffffff 0 ffffffff
  BLE DSR resume/quiesce       = 0 / 0

FSM final state: current expected transitions rejected last_event last_status last_error
power                      2 2  2 0 2 0 ffffffff
PMIC                       3 3  2 0 2 0 ffffffff
display                    0 2  0 0 0 ffffffff ffffffff
audio                      0 2  0 0 0 ffffffff ffffffff
speaker                    0 0  0 0 0 ffffffff ffffffff
joystick                   0 12 0 0 0 ffffffff ffffffff
IMU                        0 8  0 0 0 ffffffff ffffffff
storage                    0 2  0 0 0 ffffffff ffffffff
flash                      0 8  0 0 0 ffffffff ffffffff
BLE                        0 10 0 0 0 ffffffff ffffffff

  TMAG3001 verified suspended baseline
driver API/init/state/ops/last = 1 / 0 / 1 / 0 / 0
ready/identity/match       = 0xffffffff / 0xffffffff / 0
device/mfr LSB/MSB         = 00 / 00 / 00
SENSOR_CONFIG1 before/verified = 00 / 00
DEVICE_CONFIG2 before/verified/sleep = 00 / 00 / 00
pre-terminal verify status = 0xffffffff / 0xffffffff
write/verify masks         = 0x0 / 0x0 (expected 0x7 / 0x3)
terminal sleep status/committed = 0xffffffff / 0
post-sleep read omitted    = 0 (expected 1; any address probe wakes TMAG)
I2C state/error            = 0x0 / 0x0

  LIS2DUX12 verified deep-power-down baseline
driver API/init/state/ops/last = 1 / 0 / 1 / 0 / 0
ready/WHO status/value/match = 0xffffffff / 0xffffffff / 00 / 0
register addresses         =
 15
 11
 12
 17
 1f
 20
 32
 13
 14
 10
 3d

register before            =
 00
 00
 00
 00
 00
 00
 00
 00
 00
 00
 00

verified before terminal   =
 00
 00
 00
 00
 00
 00
 00
 00
 00
 00

snapshot/write/verify     = 0x
0 / 0x0 / 0x0 (expected 0x7ff / 0x7ff / 0x3ff)
deep-PD value/status/committed = 00 / 0xffffffff / 0
post-deep-PD read omitted  = 0 (expected 1; registers are inaccessible)
I2C state/error            = 0x0 / 0x0

  AT25SL128A idle baseline
driver API/init/state/ops/last = 1 / 0 / 1 / 0 / 0
JEDEC status/ID/match      = 0xffffffff / 00 00 00 / 0
deep-power-down status     = 0xffffffff
scratch status/address/length = 4294967295 / 0x00000000 / 0
scratch status1 before        = 0x00
scratch WRDI/status1       = 0x0 / 0x00
erase WREN/cmd/wait/polls     = 0xffffffff / 0xffffffff / 4294967295 / 0
erase status1 after WREN/cmd  = 0x00 / 0x00
erase retry count/WRDI/WREN/cmd/status1 = 0 / 0x0 0x00 / 0x0 0x00 / 0x0 0x00
erase blank read/mismatches   = 0xffffffff / 0
erase blank first16           =
 00
 00
 00
 00
 00
 00
 00
 00
 00
 00
 00
 00
 00
 00
 00
 00

program WREN/cmd/wait/polls   = 0xffffffff / 0xffffffff / 4294967295 / 0
program status1 after WREN    = 0x00
program read/mismatches       = 0xffffffff / 0
program first16              =
 00
 00
 00
 00
 00
 00
 00
 00
 00
 00
 00
 00
 00
 00
 00
 00

DMA program WREN/cmd/xfer wait/polls = 0x
ffffffff / 0xffffffff / 4294967295 / 0
DMA program status1 after WREN = 0x00
DMA program flash wait/polls = 4294967295 / 0
DMA read cmd/xfer wait/polls = 0xffffffff / 4294967295 / 0
DMA read mismatches          = 0
DMA first16                 =
 00
 00
 00
 00
 00
 00
 00
 00
 00
 00
 00
 00
 00
 00
 00
 00

DMA tx state/error           = 0x
0 / 0x0
DMA rx state/error           = 0x0 / 0x0
cleanup WREN/cmd/wait/polls = 0xffffffff / 0xffffffff / 4294967295 / 0
cleanup status1 after WREN    = 0x00
cleanup blank read/mismatches = 0xffffffff / 0
cleanup first16              =
 00
 00
 00
 00
 00
 00
 00
 00
 00
 00
 00
 00
 00
 00
 00
 00

scratch OSPI state/error    = 0x
0 / 0x0
OSPI state/error           = 0x0 / 0x0

  raw flash block adapter scratch sector
block API/init/ops/last     = 1 / 0 / 0 / 0
geometry total/erase/page/count = 16777216 / 4096 / 256 / 4096
test status/index/address/len = 4294967295 / 0 / 0x00000000 / 0
erase status/polls        = 4294967295 / 0
blank read count/status/mismatch = 0 / 4294967295 / 0
blank first16             =
 00
 00
 00
 00
 00
 00
 00
 00
 00
 00
 00
 00
 00
 00
 00
 00

program status/pages/last polls =
4294967295 / 0 / 0
verify read count/status/mismatch = 0 / 4294967295 / 0
verify first16            =
 00
 00
 00
 00
 00
 00
 00
 00
 00
 00
 00
 00
 00
 00
 00
 00

cleanup status/read/mismatch =
4294967295 / 4294967295 / 0
cleanup first16           =
 00
 00
 00
 00
 00
 00
 00
 00
 00
 00
 00
 00
 00
 00
 00
 00

block OSPI state/error    = 0x
0 / 0x0

  storage flash region layout
layout API/status/count    = 0 / 0 / 0
layout total/erase/end     = 0 / 0 / 0x00000000
layout errors align/overlap/range = 0 / 0 / 0
layout host/protected masks = 0x0 / 0x0
layout scratch index/start/len = 0 / 0x00000000 / 0

  FileX + LevelX local smoke test
fxlx API/status/region      = 0 / 4294967295 / 0
region start/len           = 0x00000000 / 0
test start/len             = 0x00000000 / 0
erase/sector/count         = 0 / 0 / 0
preformat erase sts/blocks/fail/polls = 4294967295 / 0 / 4294967295 / 0
LX init/open/close         = 0xffffffff / 0xffffffff / 0xffffffff
FX format/open/flush/close = 0xffffffff / 0xffffffff / 0xffffffff / 0xffffffff
file create/open/write     = 0xffffffff / 0xffffffff / 0xffffffff
file seek/read/close       = 0xffffffff / 0xffffffff / 0xffffffff
bytes written/read/mismatch = 0 / 0 / 0
boot read first16          =
 00
 00
 00
 00
 00
 00
 00
 00
 00
 00
 00
 00
 00
 00
 00
 00

boot bps/spc/res/fats      =
0 / 0 / 0 / 0
boot root/total/spf/sig    = 0 / 0 / 0 / 0x0000
file read first16          =
 00
 00
 00
 00
 00
 00
 00
 00
 00
 00
 00
 00
 00
 00
 00
 00

LX driver rd/wr/erase/verify =
0 / 0 / 0 / 0
LX driver last status      = 0x0
FX driver rd/wr/flush/abort = 0 / 0 / 0 / 0
FX driver init/uninit/release = 0 / 0 / 0
FX driver last req/status  = 0x0 / 0x0

  USB device detached baseline (owned by storage)
VBUS present               = 0 (expected 0)
PCD state before/after     = 0x0 / 0x0
clock before/after         = 0 / 0
VDDUSB before/after        = 0 / 0
deinit attempted/status    = 0 / 0xffffffff
USB parked                 = 0 (expected 1)
USB export req/tick/vbus   = 0 / 0 / 0
USB export policy/dcd/init/start = 0xffffffff / 0xffffffff / 0xffffffff / 0xffffffff
USB export flash/fxlx      = 0xffffffff / 0xffffffff
USBX pool/init/stage/error/dcd irqguard = 0x0 / 0x0 / 101 / 0x0 / 0x0 / 0
RTOS low-power enter/usb-skip = 0 / 0
USB export irq/devconn     = 4294967295 -> 4294967295 / 0xffffffff
USB export pcd/clk/vdd/started = 0x0 / 0 / 0 / 0
USB export PCD cfg bc/vbus = 0 / 0 (expected 0 / 0)
USB reclaim req/tick/dirty = 0 / 0 / 0
USB reclaim devdisc/uxdisc-not-used/stop/deinit = 0xffffffff / 0xffffffff / 0xffffffff / 0xffffffff
USB reclaim fxlx close     = 0xffffffff
USB reclaim pcd/clk/vdd/parked = 0x0 / 0 / 0 / 0
USBX pool/init status      = 0x0 / 0x0 (baseline may be nonzero before MSC bridge)
USBX stage statuses       = alloc 0x0 system 0x0 devstack 0x0 class 0x0 appstack 0x0 thread 0x0
USBX desc lengths         = HS 60 FS 50 string 40 lang 2
USBX MSC cfg/if/lba/blk   = 1 / 0 / 10239 / 512
MSC bridge api/init      = 3 / 1
MSC bridge policy        = export 0 media 0 write 0 dirty 0
MSC bridge activate/deactivate = 0 / 0
MSC bridge denied total/read/write/status = 0 / 0 / 0 / 0
MSC bridge submit/done/timeout/busy = 0 / 0 / 0 / 0
MSC bridge rd/wr/fl/status/fast_status = 0 / 0 / 0 / 0 / 0
MSC bridge last cmd/lba/blocks = 0x0 / 0 / 0
MSC bridge tx/owner/ux/media/ps = 0x0 / 0x0 / 0x0 / 0x0 / 0x0

  NINA-B112 AT-controlled STOP baseline
NRST before/released/after = 0 / 0 / 0
NINA_DSR host-DTR before/after = 0 / 0
boot RX / commands         = 0 bytes / 0
slots 0..6                 = AT / UPWRMNG(skip) / UPWRMNG(skip) / UBTDM / UBTCM / UBTPM / &D4
command TX statuses        = ffffffff ffffffff ffffffff ffffffff ffffffff ffffffff ffffffff
command RX lengths         = 0 0 0 0 0 0 0
required/attempted/skipped = 0x0 / 0x0 / 0x0 (expected 0x79 / 0x79 / 0x6)
OK/error masks             = 0x0 / 0x0 (expected 0x79 / 0)
UART deinit/state/error    = 0xffffffff / 0x0 / 0x0
fallback reset asserted    = 0 (expected 0)

  bounded transition trace: tick fsm from event to action
51 0 0 1 1 0
51 1 0 1 1 0
51 1 1 2 3 0
51 0 1 2 2 0

--- scheduler idle and workflow marker ---
WFI setup/enter/exit/adjust = 0 / 0 / 0 / 0
next scheduler timeout ticks = 0
PWR_DBG state/toggles/last = 0 / 0 / 0
=== END HW6 FW0 BOOT + PERIPHERAL + RTOS + OWNER STATE PROBE ===
{"output":"","token":46,"outOfBandRecord":[],"resultRecords":{"resultClass":"done","results":[]}}
