20260224_132255_636304 file=knobs_20260224_132255_636304.json old_sha256=12a81d0e43f39d30dfbc0f7dbdaf6cd16e51ea0b1187ea4b19f7f1f2ee41cb47 new_sha256=37b0d6b2a775e105867fb186a8d060963f36ceb16e92a03646ce19675b26888f note="joystick repeat accel after 700 -> 1000"
20260224_132507_674861 file=knobs_20260224_132507_674861.json old_sha256=37b0d6b2a775e105867fb186a8d060963f36ceb16e92a03646ce19675b26888f new_sha256=43c39d7fa8d711f422e6a1d9986e4482d32c013a7cd0961edfe2cfab88bc9b70 note="joystick accel after 1000 -> 500"
20260224_134944_388303 file=knobs_20260224_134944_388303.json old_sha256=43c39d7fa8d711f422e6a1d9986e4482d32c013a7cd0961edfe2cfab88bc9b70 new_sha256=c90a1459e871e531fbce803ef3286665ef9061757c1c80bb18be0b28daed83e1 note="hacky test"
20260224_135755_326991 file=knobs_20260224_135755_326991.json old_sha256=c90a1459e871e531fbce803ef3286665ef9061757c1c80bb18be0b28daed83e1 new_sha256=ec08c6c6049a55a57d852116cbbefc9f7497266cadceea32d3beb5d7f4ca7599 note="joystick input delay path test"
20260224_205356_522248 file=knobs_20260224_205356_522248.json old_sha256=cdabdeefa8391a1c8480680bc9e21a3274f68034e241dab605cddcb6ccc4fc1d new_sha256=517a2d3b138d07b203ffdec5d90ca05c8b1ba4064e83b25d2c2743ce3b202753
20260224_205534_361219 file=knobs_20260224_205534_361219.json old_sha256=517a2d3b138d07b203ffdec5d90ca05c8b1ba4064e83b25d2c2743ce3b202753 new_sha256=cd1852060bb479e8f030ee5d01218da6742c292fce4605c20e8b37d7f20204ee
20260224_210136_160254 file=knobs_20260224_210136_160254.json old_sha256=cd1852060bb479e8f030ee5d01218da6742c292fce4605c20e8b37d7f20204ee new_sha256=012388b0979ccc341c94ddfec33bf08c20729accb81d4068a09f3a6adcc27f48
20260224_220211_540124 file=knobs_20260224_220211_540124.json old_sha256=0d57fd94ca055910422ae0d90dc33de09fee954a7c36be1e62e8dda548d2dfb9 new_sha256=06ddc690a826aa0b7ea6ecd8664f0c5d05d87b12b92f1005e136b8af77dbf0ce
20260224_223723_309144 file=knobs_20260224_223723_309144.json old_sha256=06ddc690a826aa0b7ea6ecd8664f0c5d05d87b12b92f1005e136b8af77dbf0ce new_sha256=57b7236a6e5ce6b0df3364d6642b98668a973fa2b44a36214d2289281e8f252f
20260225_124847_755070 file=knobs_20260225_124847_755070.json old_sha256=354600e662c3e80876993ab5ddf40038479f0e263fab093b40087db80469bf21 new_sha256=a85e92bb4ee933e216afa6fe8928ef18c617893eda93486de8350121c908e111
20260225_130041_548814 file=knobs_20260225_130041_548814.json old_sha256=a85e92bb4ee933e216afa6fe8928ef18c617893eda93486de8350121c908e111 new_sha256=4db5cbd88c0d968c65d6fee79112c60e2742794cb5da2f9259c8e9d847f2226d
20260225_130314_840150 file=knobs_20260225_130314_840150.json old_sha256=4db5cbd88c0d968c65d6fee79112c60e2742794cb5da2f9259c8e9d847f2226d new_sha256=c2732e5e6666e4571579dd4e79611c9830463afd9625e4a69b495e987fba0d94
20260225_130858_929248 file=knobs_20260225_130858_929248.json old_sha256=c2732e5e6666e4571579dd4e79611c9830463afd9625e4a69b495e987fba0d94 new_sha256=d51d08ae8a84ca178094f8f3b889f73a7df112b84c54ac1d588cb2d7b89fea7d
20260225_131001_509678 file=knobs_20260225_131001_509678.json old_sha256=d51d08ae8a84ca178094f8f3b889f73a7df112b84c54ac1d588cb2d7b89fea7d new_sha256=a905f73a2a252debce5d443d31a4691d743d0542bfa9615ccb5567d1cc968b7d
20260226_074756_526884 file=knobs_20260226_074756_526884.json old_sha256=167bd744fefb26bfec1d98a5038bc8c79716d08cd804c024ec98ba7589432175 new_sha256=85523d104aa9abc13eb8e33320fb32051c82520f652d74ffdd55551562fdedc2
20260226_080646_663219 file=knobs_20260226_080646_663219.json old_sha256=85523d104aa9abc13eb8e33320fb32051c82520f652d74ffdd55551562fdedc2 new_sha256=66bd9cf9a6fa6e143603c6a5244ba5d273b7124155ebc69974a1b1d6415c6ee0
20260226_112046_052723 file=knobs_20260226_112046_052723.json old_sha256=66bd9cf9a6fa6e143603c6a5244ba5d273b7124155ebc69974a1b1d6415c6ee0 new_sha256=f4bd6c609b02988c227594f273aa5b732bbdd99684f335718a4b29c8dcaa337f
20260301_200552_870594 file=knobs_20260301_200552_870594.json old_sha256=7b4b6cd1551584ebe94ecd9df8a496fb1bfb73690e87b5649050dfa97f90179f new_sha256=867da50cef3c40fa68e9501f7d00d8374c75d883117e44da891969fc1c9e8350
20260302_121905_112269 file=knobs_20260302_121905_112269.json old_sha256=d560854d4ff6cc73b53c9c44529e61950dee0f31334ca31167d25503d363865d new_sha256=38009d77fe16d738d007cc445c468292652a8d2da4eb88d4435e9d77fa963161
20260302_143132_172569 file=knobs_20260302_143132_172569.json old_sha256=38009d77fe16d738d007cc445c468292652a8d2da4eb88d4435e9d77fa963161 new_sha256=fa908d3ad3b63bdd8d0010cccb2b9ba9b06eebaa613e4737dead26a54dfb998a
20260302_143539_216242 file=knobs_20260302_143539_216242.json old_sha256=fa908d3ad3b63bdd8d0010cccb2b9ba9b06eebaa613e4737dead26a54dfb998a new_sha256=ace1fa1e9a9ecebb3f2d4508c87c73a9fb87f5f6aa5387390389d237982f72ad
20260302_145315_662743 file=knobs_20260302_145315_662743.json old_sha256=ace1fa1e9a9ecebb3f2d4508c87c73a9fb87f5f6aa5387390389d237982f72ad new_sha256=1bb0693c6be191ef7b5cea10cb475359fd9e17a2f3269dbb19175cabed465a22
20260302_173839_364117 file=knobs_20260302_173839_364117.json old_sha256=1bb0693c6be191ef7b5cea10cb475359fd9e17a2f3269dbb19175cabed465a22 new_sha256=dfa8d265f75a50da18737cdd2114947922c97cdeb13f4aafa16af48953b844c1
20260303_085325_174817 file=knobs_20260303_085325_174817.json old_sha256=e1c21e8d7275bc9ef3acfea5e0c4b0b9ab185c833824059e4cbb4f70e7ac6f41 new_sha256=c1c025a92fd1b87d77a5e791d2597de77dbcfce05466f2d1bec40a483d80f1b3
20260303_112818_836299 file=knobs_20260303_112818_836299.json old_sha256=c1c025a92fd1b87d77a5e791d2597de77dbcfce05466f2d1bec40a483d80f1b3 new_sha256=a94784927e0b749f6a0d4b2653e87abc902eaa17dd9263232ebbe34725002ff5
20260303_133406_418841 file=knobs_20260303_133406_418841.json old_sha256=a94784927e0b749f6a0d4b2653e87abc902eaa17dd9263232ebbe34725002ff5 new_sha256=469eef91a681699c09afee8bb8dbe08adf9d1aadc51d647952e0f29bfc946abe
20260303_133409_981168 file=knobs_20260303_133409_981168.json old_sha256=469eef91a681699c09afee8bb8dbe08adf9d1aadc51d647952e0f29bfc946abe new_sha256=a94784927e0b749f6a0d4b2653e87abc902eaa17dd9263232ebbe34725002ff5
20260303_133500_194471 file=knobs_20260303_133500_194471.json old_sha256=a94784927e0b749f6a0d4b2653e87abc902eaa17dd9263232ebbe34725002ff5 new_sha256=469eef91a681699c09afee8bb8dbe08adf9d1aadc51d647952e0f29bfc946abe
20260303_134820_365186 file=knobs_20260303_134820_365186.json old_sha256=469eef91a681699c09afee8bb8dbe08adf9d1aadc51d647952e0f29bfc946abe new_sha256=d9cf6430e50267e815fe9ca9b3a54132358602ec5ab4a64e6c8ab86bb55f6d10
20260303_142553_042530 file=knobs_20260303_142553_042530.json old_sha256=d9cf6430e50267e815fe9ca9b3a54132358602ec5ab4a64e6c8ab86bb55f6d10 new_sha256=43d65c1527d02495c2761326aeebf711ec52f908c53ec9e7152aed19e58d6449
20260303_144156_013962 file=knobs_20260303_144156_013962.json old_sha256=43d65c1527d02495c2761326aeebf711ec52f908c53ec9e7152aed19e58d6449 new_sha256=782fc9ec0bb8222b224b551662618fa64ad7eecaebd60ef72b12f2879f05a7be
20260303_161719_218542 file=knobs_20260303_161719_218542.json old_sha256=d028b4e9472e665c794e9be8464526b3c4abaf9cba4d2adcd041f332aa6e3f56 new_sha256=869f0e99426c090b75520c16cd07a3911a4dcf631edbbcb73c23504fec9b870c
20260304_075611_142025 file=knobs_20260304_075611_142025.json old_sha256=7d1f57c06a5fd62055e0305e85426561dac51d7e41ab7828cfbccf2cecc3a3fb new_sha256=05a750ec79e2831d8862186ecd7c7f91a3682372640461ceb4748de23634bd9d
20260304_095459_982454 file=knobs_20260304_095459_982454.json old_sha256=05a750ec79e2831d8862186ecd7c7f91a3682372640461ceb4748de23634bd9d new_sha256=901250d8fbb1e947bb65f411e7bb5933a2c6df4b49f29defd8eb2aa3b11fbb28
20260304_101838_001206 file=knobs_20260304_101838_001206.json old_sha256=154bdcf4bf95d2d3b41d6a4ba71ad9ede41b9f0cf91474c99a59db926dfa1100 new_sha256=c984249d5902ac8e5b99ea8ed4fe4a5d24896854666669084e821ed1bbdf6bbe
20260304_103517_056031 file=knobs_20260304_103517_056031.json old_sha256=c984249d5902ac8e5b99ea8ed4fe4a5d24896854666669084e821ed1bbdf6bbe new_sha256=b3269f97906b83e538787097cd24cb7ecf0f9a47a64a559e76c44138831a3888
20260304_152513_542848 file=knobs_20260304_152513_542848.json old_sha256=b3269f97906b83e538787097cd24cb7ecf0f9a47a64a559e76c44138831a3888 new_sha256=7a6f59a74a87fc4f1282da668d146555bfe84788d3e65f332e9f6db0c39b45cb
20260304_152901_385897 file=knobs_20260304_152901_385897.json old_sha256=7a6f59a74a87fc4f1282da668d146555bfe84788d3e65f332e9f6db0c39b45cb new_sha256=6878579ac3740a777dfd1e89837bfe56198b84ece44f33b051578f029d555ecb
20260304_192950_526924 file=knobs_20260304_192950_526924.json old_sha256=6878579ac3740a777dfd1e89837bfe56198b84ece44f33b051578f029d555ecb new_sha256=1464a0f56f9f3fce29b9281a28b0da22a45fe8a1902934b02d7095d5f1460e03
20260304_203146_907126 file=knobs_20260304_203146_907126.json old_sha256=1464a0f56f9f3fce29b9281a28b0da22a45fe8a1902934b02d7095d5f1460e03 new_sha256=6878579ac3740a777dfd1e89837bfe56198b84ece44f33b051578f029d555ecb
20260305_170051_291790 file=knobs_20260305_170051_291790.json old_sha256=d4e6cecb3ee7502207f4b8400da1676fcef22a3bc8fe3fc11a129c82a39e8d71 new_sha256=a6ed5f46b870e8a334256e5bfb3e27d4eac0bde6f8d07e54ae6eca8067a1d187
20260306_075245_349527 file=knobs_20260306_075245_349527.json old_sha256=0be813bef14d5f66008b5402cfd350c297e038eb962c91360b25528f848a4d48 new_sha256=0d20a359b7959bc0ebfa9781214084f2e7c0c3751066554c6b846e5adf01162d
20260306_152452_099022 file=knobs_20260306_152452_099022.json old_sha256=8abd6c4d3d4a1685de48cd9608d30e81b338c0bdd3456f71c3adb0fc91eccc79 new_sha256=2b10ed17fc070fa06083e6eca4c8dc92424a925ee8939a34b70cad590e1f4ce3
20260307_090431_740838 file=knobs_20260307_090431_740838.json old_sha256=dd6f662c7a1315a2b578e1ed37ce39cac44108fa6d171c994550a361c2581407 new_sha256=f51e855987121e7c7989e37f8dc63bdd0fd4688cc3fd2a93ee4900d66f43f380
20260307_123153_248449 file=knobs_20260307_123153_248449.json old_sha256=7a4ff021e6e413bd11b6438144c3c1365303bd0b4c20f6517501c84495cc642a new_sha256=582687ad543b63ecf6ae000f763d5dbc79853dc35243010c321e0d93940b1c32
20260307_164511_980513 file=knobs_20260307_164511_980513.json old_sha256=777ea67e82b7466394fcc4f063b8d02199158d8236ff4a1904dc9173d34aacc5 new_sha256=60a9bd664e0788228941c4bb896aeae50cfcc3b5c6cae62a6fdf5f9a5d8a219e
20260308_180027_702689 file=knobs_20260308_180027_702689.json old_sha256=6eec207e6cf0e21a4260476c6833ad903b7f56bf6b917dbf0ec4ef4b261c9462 new_sha256=6e6e3846ce32b48bc76523ce864e51b9a93c6f614fdc6df23d64f0ca0b311f7e
20260308_180054_357835 file=knobs_20260308_180054_357835.json old_sha256=6e6e3846ce32b48bc76523ce864e51b9a93c6f614fdc6df23d64f0ca0b311f7e new_sha256=588953814b6f0bed1309a0e0e81501cdc35f246090ee2d57a7f73fb3810be27c
20260308_180112_681884 file=knobs_20260308_180112_681884.json old_sha256=588953814b6f0bed1309a0e0e81501cdc35f246090ee2d57a7f73fb3810be27c new_sha256=6e6e3846ce32b48bc76523ce864e51b9a93c6f614fdc6df23d64f0ca0b311f7e
20260308_180249_438342 file=knobs_20260308_180249_438342.json old_sha256=6e6e3846ce32b48bc76523ce864e51b9a93c6f614fdc6df23d64f0ca0b311f7e new_sha256=588953814b6f0bed1309a0e0e81501cdc35f246090ee2d57a7f73fb3810be27c
20260308_180304_476612 file=knobs_20260308_180304_476612.json old_sha256=588953814b6f0bed1309a0e0e81501cdc35f246090ee2d57a7f73fb3810be27c new_sha256=6e6e3846ce32b48bc76523ce864e51b9a93c6f614fdc6df23d64f0ca0b311f7e
20260310_121850_395585 file=knobs_20260310_121850_395585.json old_sha256=a4dad6bf7f5ff179d867507aa6f973038ef91ed695debaf402ddc324ec2f8d4c new_sha256=e8a43ee472f799f140d49056d805ffc6fba11eb4a979d2f34eb75208d2feb6d2
20260310_123719_135258 file=knobs_20260310_123719_135258.json old_sha256=50fb1d3155daae7fbb481265db3ffe7dfb9751233d4495f5e6908662e7a1c130 new_sha256=1421dcba56078ae20dcf568e8f0dbf7c56baa3b91584df65fadab56e48d0045f
20260310_123926_037084 file=knobs_20260310_123926_037084.json old_sha256=1421dcba56078ae20dcf568e8f0dbf7c56baa3b91584df65fadab56e48d0045f new_sha256=3c8ad7c1d1dba1d75d45ed50274c83e384abd9b85adf1c52d6f295ef71e4877a
20260310_151804_813364 file=knobs_20260310_151804_813364.json old_sha256=3c8ad7c1d1dba1d75d45ed50274c83e384abd9b85adf1c52d6f295ef71e4877a new_sha256=1846c375e03f6ba7eb80c1b870a2734541fead2650f2d00faef68559c07109cc
20260312_154455_460383 file=knobs_20260312_154455_460383.json old_sha256=5b51ccff6a3342ea18fbc91e3079cb3ddb131377620c3877108e3b31582d2bce new_sha256=50d39ecdd6535e667e05c83151695e210c57fd2a4372becfc9a30f2bb43cd934
20260312_154622_491426 file=knobs_20260312_154622_491426.json old_sha256=50d39ecdd6535e667e05c83151695e210c57fd2a4372becfc9a30f2bb43cd934 new_sha256=aec01acbc967175e2433cb9c8ae84386b1b45c3c49bfbe2dbd8a734f4a751582
20260314_123240_393023 file=knobs_20260314_123240_393023.json old_sha256=aec01acbc967175e2433cb9c8ae84386b1b45c3c49bfbe2dbd8a734f4a751582 new_sha256=5b51ccff6a3342ea18fbc91e3079cb3ddb131377620c3877108e3b31582d2bce
20260323_162140_511368 file=knobs_20260323_162140_511368.json old_sha256=14642721908d258d0076361659aa34449495b75925b5c298b7a00fe8c27db7f3 new_sha256=36de7eeece18d1ea2b65057ad8767dfd152bebce54dd8fc82f90f44705e8038d
